  Determining projects to restore...
  All projects are up-to-date for restore.
  Mediator -> C:\Data\Libs\Mediator\src\Mediator\bin\Debug\net8.0\Mediator.dll
  Mediator.Extensions.DependencyInjection -> C:\Data\Libs\Mediator\src\Mediator.Extensions.DependencyInjection\bin\Debug\net8.0\Mediator.Extensions.DependencyInjection.dll
C:\Data\Libs\Mediator\tests\Mediator.Tests\DependencyInjectionTests.cs(12,6): error CS0246: The type or namespace name 'FactAttribute' could not be found (are you missing a using directive or an assembly reference?) [C:\Data\Libs\Mediator\tests\Mediator.Tests\Mediator.Tests.csproj]
C:\Data\Libs\Mediator\tests\Mediator.Tests\DependencyInjectionTests.cs(12,6): error CS0246: The type or namespace name 'Fact' could not be found (are you missing a using directive or an assembly reference?) [C:\Data\Libs\Mediator\tests\Mediator.Tests\Mediator.Tests.csproj]
C:\Data\Libs\Mediator\tests\Mediator.Tests\PublishTests.cs(37,6): error CS0246: The type or namespace name 'FactAttribute' could not be found (are you missing a using directive or an assembly reference?) [C:\Data\Libs\Mediator\tests\Mediator.Tests\Mediator.Tests.csproj]
C:\Data\Libs\Mediator\tests\Mediator.Tests\PublishTests.cs(37,6): error CS0246: The type or namespace name 'Fact' could not be found (are you missing a using directive or an assembly reference?) [C:\Data\Libs\Mediator\tests\Mediator.Tests\Mediator.Tests.csproj]
C:\Data\Libs\Mediator\tests\Mediator.Tests\DependencyInjectionTests.cs(27,6): error CS0246: The type or namespace name 'FactAttribute' could not be found (are you missing a using directive or an assembly reference?) [C:\Data\Libs\Mediator\tests\Mediator.Tests\Mediator.Tests.csproj]
C:\Data\Libs\Mediator\tests\Mediator.Tests\DependencyInjectionTests.cs(27,6): error CS0246: The type or namespace name 'Fact' could not be found (are you missing a using directive or an assembly reference?) [C:\Data\Libs\Mediator\tests\Mediator.Tests\Mediator.Tests.csproj]
C:\Data\Libs\Mediator\tests\Mediator.Tests\PipelineBehaviorTests.cs(37,6): error CS0246: The type or namespace name 'FactAttribute' could not be found (are you missing a using directive or an assembly reference?) [C:\Data\Libs\Mediator\tests\Mediator.Tests\Mediator.Tests.csproj]
C:\Data\Libs\Mediator\tests\Mediator.Tests\PipelineBehaviorTests.cs(37,6): error CS0246: The type or namespace name 'Fact' could not be found (are you missing a using directive or an assembly reference?) [C:\Data\Libs\Mediator\tests\Mediator.Tests\Mediator.Tests.csproj]
C:\Data\Libs\Mediator\tests\Mediator.Tests\DependencyInjectionTests.cs(42,6): error CS0246: The type or namespace name 'FactAttribute' could not be found (are you missing a using directive or an assembly reference?) [C:\Data\Libs\Mediator\tests\Mediator.Tests\Mediator.Tests.csproj]
C:\Data\Libs\Mediator\tests\Mediator.Tests\PublishTests.cs(53,6): error CS0246: The type or namespace name 'FactAttribute' could not be found (are you missing a using directive or an assembly reference?) [C:\Data\Libs\Mediator\tests\Mediator.Tests\Mediator.Tests.csproj]
C:\Data\Libs\Mediator\tests\Mediator.Tests\DependencyInjectionTests.cs(42,6): error CS0246: The type or namespace name 'Fact' could not be found (are you missing a using directive or an assembly reference?) [C:\Data\Libs\Mediator\tests\Mediator.Tests\Mediator.Tests.csproj]
C:\Data\Libs\Mediator\tests\Mediator.Tests\PublishTests.cs(53,6): error CS0246: The type or namespace name 'Fact' could not be found (are you missing a using directive or an assembly reference?) [C:\Data\Libs\Mediator\tests\Mediator.Tests\Mediator.Tests.csproj]
C:\Data\Libs\Mediator\tests\Mediator.Tests\SendTests.cs(35,6): error CS0246: The type or namespace name 'FactAttribute' could not be found (are you missing a using directive or an assembly reference?) [C:\Data\Libs\Mediator\tests\Mediator.Tests\Mediator.Tests.csproj]
C:\Data\Libs\Mediator\tests\Mediator.Tests\SendTests.cs(35,6): error CS0246: The type or namespace name 'Fact' could not be found (are you missing a using directive or an assembly reference?) [C:\Data\Libs\Mediator\tests\Mediator.Tests\Mediator.Tests.csproj]
C:\Data\Libs\Mediator\tests\Mediator.Tests\PipelineBehaviorTests.cs(57,6): error CS0246: The type or namespace name 'FactAttribute' could not be found (are you missing a using directive or an assembly reference?) [C:\Data\Libs\Mediator\tests\Mediator.Tests\Mediator.Tests.csproj]
C:\Data\Libs\Mediator\tests\Mediator.Tests\PipelineBehaviorTests.cs(57,6): error CS0246: The type or namespace name 'Fact' could not be found (are you missing a using directive or an assembly reference?) [C:\Data\Libs\Mediator\tests\Mediator.Tests\Mediator.Tests.csproj]
C:\Data\Libs\Mediator\tests\Mediator.Tests\ProcessorTests.cs(42,6): error CS0246: The type or namespace name 'FactAttribute' could not be found (are you missing a using directive or an assembly reference?) [C:\Data\Libs\Mediator\tests\Mediator.Tests\Mediator.Tests.csproj]
C:\Data\Libs\Mediator\tests\Mediator.Tests\ProcessorTests.cs(42,6): error CS0246: The type or namespace name 'Fact' could not be found (are you missing a using directive or an assembly reference?) [C:\Data\Libs\Mediator\tests\Mediator.Tests\Mediator.Tests.csproj]
C:\Data\Libs\Mediator\tests\Mediator.Tests\PublishTests.cs(71,6): error CS0246: The type or namespace name 'FactAttribute' could not be found (are you missing a using directive or an assembly reference?) [C:\Data\Libs\Mediator\tests\Mediator.Tests\Mediator.Tests.csproj]
C:\Data\Libs\Mediator\tests\Mediator.Tests\DependencyInjectionTests.cs(57,6): error CS0246: The type or namespace name 'FactAttribute' could not be found (are you missing a using directive or an assembly reference?) [C:\Data\Libs\Mediator\tests\Mediator.Tests\Mediator.Tests.csproj]
C:\Data\Libs\Mediator\tests\Mediator.Tests\PublishTests.cs(71,6): error CS0246: The type or namespace name 'Fact' could not be found (are you missing a using directive or an assembly reference?) [C:\Data\Libs\Mediator\tests\Mediator.Tests\Mediator.Tests.csproj]
C:\Data\Libs\Mediator\tests\Mediator.Tests\DependencyInjectionTests.cs(57,6): error CS0246: The type or namespace name 'Fact' could not be found (are you missing a using directive or an assembly reference?) [C:\Data\Libs\Mediator\tests\Mediator.Tests\Mediator.Tests.csproj]
C:\Data\Libs\Mediator\tests\Mediator.Tests\SendTests.cs(49,6): error CS0246: The type or namespace name 'FactAttribute' could not be found (are you missing a using directive or an assembly reference?) [C:\Data\Libs\Mediator\tests\Mediator.Tests\Mediator.Tests.csproj]
C:\Data\Libs\Mediator\tests\Mediator.Tests\SendTests.cs(49,6): error CS0246: The type or namespace name 'Fact' could not be found (are you missing a using directive or an assembly reference?) [C:\Data\Libs\Mediator\tests\Mediator.Tests\Mediator.Tests.csproj]
C:\Data\Libs\Mediator\tests\Mediator.Tests\PipelineBehaviorTests.cs(88,6): error CS0246: The type or namespace name 'FactAttribute' could not be found (are you missing a using directive or an assembly reference?) [C:\Data\Libs\Mediator\tests\Mediator.Tests\Mediator.Tests.csproj]
C:\Data\Libs\Mediator\tests\Mediator.Tests\PipelineBehaviorTests.cs(88,6): error CS0246: The type or namespace name 'Fact' could not be found (are you missing a using directive or an assembly reference?) [C:\Data\Libs\Mediator\tests\Mediator.Tests\Mediator.Tests.csproj]
C:\Data\Libs\Mediator\tests\Mediator.Tests\ProcessorTests.cs(66,6): error CS0246: The type or namespace name 'FactAttribute' could not be found (are you missing a using directive or an assembly reference?) [C:\Data\Libs\Mediator\tests\Mediator.Tests\Mediator.Tests.csproj]
C:\Data\Libs\Mediator\tests\Mediator.Tests\ProcessorTests.cs(66,6): error CS0246: The type or namespace name 'Fact' could not be found (are you missing a using directive or an assembly reference?) [C:\Data\Libs\Mediator\tests\Mediator.Tests\Mediator.Tests.csproj]
C:\Data\Libs\Mediator\tests\Mediator.Tests\PublishTests.cs(85,6): error CS0246: The type or namespace name 'FactAttribute' could not be found (are you missing a using directive or an assembly reference?) [C:\Data\Libs\Mediator\tests\Mediator.Tests\Mediator.Tests.csproj]
C:\Data\Libs\Mediator\tests\Mediator.Tests\PublishTests.cs(85,6): error CS0246: The type or namespace name 'Fact' could not be found (are you missing a using directive or an assembly reference?) [C:\Data\Libs\Mediator\tests\Mediator.Tests\Mediator.Tests.csproj]
C:\Data\Libs\Mediator\tests\Mediator.Tests\SendTests.cs(64,6): error CS0246: The type or namespace name 'FactAttribute' could not be found (are you missing a using directive or an assembly reference?) [C:\Data\Libs\Mediator\tests\Mediator.Tests\Mediator.Tests.csproj]
C:\Data\Libs\Mediator\tests\Mediator.Tests\SendTests.cs(64,6): error CS0246: The type or namespace name 'Fact' could not be found (are you missing a using directive or an assembly reference?) [C:\Data\Libs\Mediator\tests\Mediator.Tests\Mediator.Tests.csproj]
C:\Data\Libs\Mediator\tests\Mediator.Tests\PipelineBehaviorTests.cs(115,6): error CS0246: The type or namespace name 'FactAttribute' could not be found (are you missing a using directive or an assembly reference?) [C:\Data\Libs\Mediator\tests\Mediator.Tests\Mediator.Tests.csproj]
C:\Data\Libs\Mediator\tests\Mediator.Tests\PipelineBehaviorTests.cs(115,6): error CS0246: The type or namespace name 'Fact' could not be found (are you missing a using directive or an assembly reference?) [C:\Data\Libs\Mediator\tests\Mediator.Tests\Mediator.Tests.csproj]
C:\Data\Libs\Mediator\tests\Mediator.Tests\ProcessorTests.cs(91,6): error CS0246: The type or namespace name 'FactAttribute' could not be found (are you missing a using directive or an assembly reference?) [C:\Data\Libs\Mediator\tests\Mediator.Tests\Mediator.Tests.csproj]
C:\Data\Libs\Mediator\tests\Mediator.Tests\ProcessorTests.cs(91,6): error CS0246: The type or namespace name 'Fact' could not be found (are you missing a using directive or an assembly reference?) [C:\Data\Libs\Mediator\tests\Mediator.Tests\Mediator.Tests.csproj]
C:\Data\Libs\Mediator\tests\Mediator.Tests\PublishTests.cs(95,6): error CS0246: The type or namespace name 'FactAttribute' could not be found (are you missing a using directive or an assembly reference?) [C:\Data\Libs\Mediator\tests\Mediator.Tests\Mediator.Tests.csproj]
C:\Data\Libs\Mediator\tests\Mediator.Tests\PublishTests.cs(95,6): error CS0246: The type or namespace name 'Fact' could not be found (are you missing a using directive or an assembly reference?) [C:\Data\Libs\Mediator\tests\Mediator.Tests\Mediator.Tests.csproj]
C:\Data\Libs\Mediator\tests\Mediator.Tests\SendTests.cs(80,6): error CS0246: The type or namespace name 'FactAttribute' could not be found (are you missing a using directive or an assembly reference?) [C:\Data\Libs\Mediator\tests\Mediator.Tests\Mediator.Tests.csproj]
C:\Data\Libs\Mediator\tests\Mediator.Tests\SendTests.cs(80,6): error CS0246: The type or namespace name 'Fact' could not be found (are you missing a using directive or an assembly reference?) [C:\Data\Libs\Mediator\tests\Mediator.Tests\Mediator.Tests.csproj]
C:\Data\Libs\Mediator\tests\Mediator.Tests\ProcessorTests.cs(123,6): error CS0246: The type or namespace name 'FactAttribute' could not be found (are you missing a using directive or an assembly reference?) [C:\Data\Libs\Mediator\tests\Mediator.Tests\Mediator.Tests.csproj]
C:\Data\Libs\Mediator\tests\Mediator.Tests\ProcessorTests.cs(123,6): error CS0246: The type or namespace name 'Fact' could not be found (are you missing a using directive or an assembly reference?) [C:\Data\Libs\Mediator\tests\Mediator.Tests\Mediator.Tests.csproj]
C:\Data\Libs\Mediator\tests\Mediator.Tests\PipelineBehaviorTests.cs(128,6): error CS0246: The type or namespace name 'FactAttribute' could not be found (are you missing a using directive or an assembly reference?) [C:\Data\Libs\Mediator\tests\Mediator.Tests\Mediator.Tests.csproj]
C:\Data\Libs\Mediator\tests\Mediator.Tests\PipelineBehaviorTests.cs(128,6): error CS0246: The type or namespace name 'Fact' could not be found (are you missing a using directive or an assembly reference?) [C:\Data\Libs\Mediator\tests\Mediator.Tests\Mediator.Tests.csproj]
C:\Data\Libs\Mediator\tests\Mediator.Tests\PublishTests.cs(114,6): error CS0246: The type or namespace name 'FactAttribute' could not be found (are you missing a using directive or an assembly reference?) [C:\Data\Libs\Mediator\tests\Mediator.Tests\Mediator.Tests.csproj]
C:\Data\Libs\Mediator\tests\Mediator.Tests\PublishTests.cs(114,6): error CS0246: The type or namespace name 'Fact' could not be found (are you missing a using directive or an assembly reference?) [C:\Data\Libs\Mediator\tests\Mediator.Tests\Mediator.Tests.csproj]
C:\Data\Libs\Mediator\tests\Mediator.Tests\SendTests.cs(90,6): error CS0246: The type or namespace name 'FactAttribute' could not be found (are you missing a using directive or an assembly reference?) [C:\Data\Libs\Mediator\tests\Mediator.Tests\Mediator.Tests.csproj]
C:\Data\Libs\Mediator\tests\Mediator.Tests\SendTests.cs(90,6): error CS0246: The type or namespace name 'Fact' could not be found (are you missing a using directive or an assembly reference?) [C:\Data\Libs\Mediator\tests\Mediator.Tests\Mediator.Tests.csproj]
C:\Data\Libs\Mediator\tests\Mediator.Tests\ProcessorTests.cs(151,6): error CS0246: The type or namespace name 'FactAttribute' could not be found (are you missing a using directive or an assembly reference?) [C:\Data\Libs\Mediator\tests\Mediator.Tests\Mediator.Tests.csproj]
C:\Data\Libs\Mediator\tests\Mediator.Tests\ProcessorTests.cs(151,6): error CS0246: The type or namespace name 'Fact' could not be found (are you missing a using directive or an assembly reference?) [C:\Data\Libs\Mediator\tests\Mediator.Tests\Mediator.Tests.csproj]
C:\Data\Libs\Mediator\tests\Mediator.Tests\PublishTests.cs(128,6): error CS0246: The type or namespace name 'FactAttribute' could not be found (are you missing a using directive or an assembly reference?) [C:\Data\Libs\Mediator\tests\Mediator.Tests\Mediator.Tests.csproj]
C:\Data\Libs\Mediator\tests\Mediator.Tests\PublishTests.cs(128,6): error CS0246: The type or namespace name 'Fact' could not be found (are you missing a using directive or an assembly reference?) [C:\Data\Libs\Mediator\tests\Mediator.Tests\Mediator.Tests.csproj]
C:\Data\Libs\Mediator\tests\Mediator.Tests\SendTests.cs(104,6): error CS0246: The type or namespace name 'FactAttribute' could not be found (are you missing a using directive or an assembly reference?) [C:\Data\Libs\Mediator\tests\Mediator.Tests\Mediator.Tests.csproj]
C:\Data\Libs\Mediator\tests\Mediator.Tests\SendTests.cs(104,6): error CS0246: The type or namespace name 'Fact' could not be found (are you missing a using directive or an assembly reference?) [C:\Data\Libs\Mediator\tests\Mediator.Tests\Mediator.Tests.csproj]
C:\Data\Libs\Mediator\tests\Mediator.Tests\UnitTests.cs(10,6): error CS0246: The type or namespace name 'FactAttribute' could not be found (are you missing a using directive or an assembly reference?) [C:\Data\Libs\Mediator\tests\Mediator.Tests\Mediator.Tests.csproj]
C:\Data\Libs\Mediator\tests\Mediator.Tests\UnitTests.cs(10,6): error CS0246: The type or namespace name 'Fact' could not be found (are you missing a using directive or an assembly reference?) [C:\Data\Libs\Mediator\tests\Mediator.Tests\Mediator.Tests.csproj]
C:\Data\Libs\Mediator\tests\Mediator.Tests\PublishTests.cs(148,6): error CS0246: The type or namespace name 'FactAttribute' could not be found (are you missing a using directive or an assembly reference?) [C:\Data\Libs\Mediator\tests\Mediator.Tests\Mediator.Tests.csproj]
C:\Data\Libs\Mediator\tests\Mediator.Tests\PublishTests.cs(148,6): error CS0246: The type or namespace name 'Fact' could not be found (are you missing a using directive or an assembly reference?) [C:\Data\Libs\Mediator\tests\Mediator.Tests\Mediator.Tests.csproj]
C:\Data\Libs\Mediator\tests\Mediator.Tests\SendTests.cs(118,6): error CS0246: The type or namespace name 'FactAttribute' could not be found (are you missing a using directive or an assembly reference?) [C:\Data\Libs\Mediator\tests\Mediator.Tests\Mediator.Tests.csproj]
C:\Data\Libs\Mediator\tests\Mediator.Tests\SendTests.cs(118,6): error CS0246: The type or namespace name 'Fact' could not be found (are you missing a using directive or an assembly reference?) [C:\Data\Libs\Mediator\tests\Mediator.Tests\Mediator.Tests.csproj]
C:\Data\Libs\Mediator\tests\Mediator.Tests\UnitTests.cs(21,6): error CS0246: The type or namespace name 'FactAttribute' could not be found (are you missing a using directive or an assembly reference?) [C:\Data\Libs\Mediator\tests\Mediator.Tests\Mediator.Tests.csproj]
C:\Data\Libs\Mediator\tests\Mediator.Tests\UnitTests.cs(21,6): error CS0246: The type or namespace name 'Fact' could not be found (are you missing a using directive or an assembly reference?) [C:\Data\Libs\Mediator\tests\Mediator.Tests\Mediator.Tests.csproj]
C:\Data\Libs\Mediator\tests\Mediator.Tests\DependencyInjectionTests.cs(73,6): error CS0246: The type or namespace name 'FactAttribute' could not be found (are you missing a using directive or an assembly reference?) [C:\Data\Libs\Mediator\tests\Mediator.Tests\Mediator.Tests.csproj]
C:\Data\Libs\Mediator\tests\Mediator.Tests\DependencyInjectionTests.cs(73,6): error CS0246: The type or namespace name 'Fact' could not be found (are you missing a using directive or an assembly reference?) [C:\Data\Libs\Mediator\tests\Mediator.Tests\Mediator.Tests.csproj]
C:\Data\Libs\Mediator\tests\Mediator.Tests\UnitTests.cs(33,6): error CS0246: The type or namespace name 'FactAttribute' could not be found (are you missing a using directive or an assembly reference?) [C:\Data\Libs\Mediator\tests\Mediator.Tests\Mediator.Tests.csproj]
C:\Data\Libs\Mediator\tests\Mediator.Tests\UnitTests.cs(33,6): error CS0246: The type or namespace name 'Fact' could not be found (are you missing a using directive or an assembly reference?) [C:\Data\Libs\Mediator\tests\Mediator.Tests\Mediator.Tests.csproj]
C:\Data\Libs\Mediator\tests\Mediator.Tests\SendTests.cs(133,6): error CS0246: The type or namespace name 'FactAttribute' could not be found (are you missing a using directive or an assembly reference?) [C:\Data\Libs\Mediator\tests\Mediator.Tests\Mediator.Tests.csproj]
C:\Data\Libs\Mediator\tests\Mediator.Tests\SendTests.cs(133,6): error CS0246: The type or namespace name 'Fact' could not be found (are you missing a using directive or an assembly reference?) [C:\Data\Libs\Mediator\tests\Mediator.Tests\Mediator.Tests.csproj]
C:\Data\Libs\Mediator\tests\Mediator.Tests\DependencyInjectionTests.cs(88,6): error CS0246: The type or namespace name 'FactAttribute' could not be found (are you missing a using directive or an assembly reference?) [C:\Data\Libs\Mediator\tests\Mediator.Tests\Mediator.Tests.csproj]
C:\Data\Libs\Mediator\tests\Mediator.Tests\DependencyInjectionTests.cs(88,6): error CS0246: The type or namespace name 'Fact' could not be found (are you missing a using directive or an assembly reference?) [C:\Data\Libs\Mediator\tests\Mediator.Tests\Mediator.Tests.csproj]
C:\Data\Libs\Mediator\tests\Mediator.Tests\UnitTests.cs(43,6): error CS0246: The type or namespace name 'FactAttribute' could not be found (are you missing a using directive or an assembly reference?) [C:\Data\Libs\Mediator\tests\Mediator.Tests\Mediator.Tests.csproj]
C:\Data\Libs\Mediator\tests\Mediator.Tests\UnitTests.cs(43,6): error CS0246: The type or namespace name 'Fact' could not be found (are you missing a using directive or an assembly reference?) [C:\Data\Libs\Mediator\tests\Mediator.Tests\Mediator.Tests.csproj]
C:\Data\Libs\Mediator\tests\Mediator.Tests\ValidationTests.cs(22,6): error CS0246: The type or namespace name 'FactAttribute' could not be found (are you missing a using directive or an assembly reference?) [C:\Data\Libs\Mediator\tests\Mediator.Tests\Mediator.Tests.csproj]
C:\Data\Libs\Mediator\tests\Mediator.Tests\ValidationTests.cs(22,6): error CS0246: The type or namespace name 'Fact' could not be found (are you missing a using directive or an assembly reference?) [C:\Data\Libs\Mediator\tests\Mediator.Tests\Mediator.Tests.csproj]
C:\Data\Libs\Mediator\tests\Mediator.Tests\SendTests.cs(156,6): error CS0246: The type or namespace name 'FactAttribute' could not be found (are you missing a using directive or an assembly reference?) [C:\Data\Libs\Mediator\tests\Mediator.Tests\Mediator.Tests.csproj]
C:\Data\Libs\Mediator\tests\Mediator.Tests\SendTests.cs(156,6): error CS0246: The type or namespace name 'Fact' could not be found (are you missing a using directive or an assembly reference?) [C:\Data\Libs\Mediator\tests\Mediator.Tests\Mediator.Tests.csproj]
C:\Data\Libs\Mediator\tests\Mediator.Tests\DependencyInjectionTests.cs(107,6): error CS0246: The type or namespace name 'FactAttribute' could not be found (are you missing a using directive or an assembly reference?) [C:\Data\Libs\Mediator\tests\Mediator.Tests\Mediator.Tests.csproj]
C:\Data\Libs\Mediator\tests\Mediator.Tests\DependencyInjectionTests.cs(107,6): error CS0246: The type or namespace name 'Fact' could not be found (are you missing a using directive or an assembly reference?) [C:\Data\Libs\Mediator\tests\Mediator.Tests\Mediator.Tests.csproj]
C:\Data\Libs\Mediator\tests\Mediator.Tests\UnitTests.cs(56,6): error CS0246: The type or namespace name 'FactAttribute' could not be found (are you missing a using directive or an assembly reference?) [C:\Data\Libs\Mediator\tests\Mediator.Tests\Mediator.Tests.csproj]
C:\Data\Libs\Mediator\tests\Mediator.Tests\UnitTests.cs(56,6): error CS0246: The type or namespace name 'Fact' could not be found (are you missing a using directive or an assembly reference?) [C:\Data\Libs\Mediator\tests\Mediator.Tests\Mediator.Tests.csproj]
C:\Data\Libs\Mediator\tests\Mediator.Tests\ValidationTests.cs(44,6): error CS0246: The type or namespace name 'FactAttribute' could not be found (are you missing a using directive or an assembly reference?) [C:\Data\Libs\Mediator\tests\Mediator.Tests\Mediator.Tests.csproj]
C:\Data\Libs\Mediator\tests\Mediator.Tests\ValidationTests.cs(44,6): error CS0246: The type or namespace name 'Fact' could not be found (are you missing a using directive or an assembly reference?) [C:\Data\Libs\Mediator\tests\Mediator.Tests\Mediator.Tests.csproj]
C:\Data\Libs\Mediator\tests\Mediator.Tests\DependencyInjectionTests.cs(126,6): error CS0246: The type or namespace name 'FactAttribute' could not be found (are you missing a using directive or an assembly reference?) [C:\Data\Libs\Mediator\tests\Mediator.Tests\Mediator.Tests.csproj]
C:\Data\Libs\Mediator\tests\Mediator.Tests\DependencyInjectionTests.cs(126,6): error CS0246: The type or namespace name 'Fact' could not be found (are you missing a using directive or an assembly reference?) [C:\Data\Libs\Mediator\tests\Mediator.Tests\Mediator.Tests.csproj]
C:\Data\Libs\Mediator\tests\Mediator.Tests\UnitTests.cs(67,6): error CS0246: The type or namespace name 'FactAttribute' could not be found (are you missing a using directive or an assembly reference?) [C:\Data\Libs\Mediator\tests\Mediator.Tests\Mediator.Tests.csproj]
C:\Data\Libs\Mediator\tests\Mediator.Tests\UnitTests.cs(67,6): error CS0246: The type or namespace name 'Fact' could not be found (are you missing a using directive or an assembly reference?) [C:\Data\Libs\Mediator\tests\Mediator.Tests\Mediator.Tests.csproj]
C:\Data\Libs\Mediator\tests\Mediator.Tests\ValidationTests.cs(68,6): error CS0246: The type or namespace name 'FactAttribute' could not be found (are you missing a using directive or an assembly reference?) [C:\Data\Libs\Mediator\tests\Mediator.Tests\Mediator.Tests.csproj]
C:\Data\Libs\Mediator\tests\Mediator.Tests\ValidationTests.cs(68,6): error CS0246: The type or namespace name 'Fact' could not be found (are you missing a using directive or an assembly reference?) [C:\Data\Libs\Mediator\tests\Mediator.Tests\Mediator.Tests.csproj]
C:\Data\Libs\Mediator\tests\Mediator.Tests\DependencyInjectionTests.cs(144,6): error CS0246: The type or namespace name 'FactAttribute' could not be found (are you missing a using directive or an assembly reference?) [C:\Data\Libs\Mediator\tests\Mediator.Tests\Mediator.Tests.csproj]
C:\Data\Libs\Mediator\tests\Mediator.Tests\DependencyInjectionTests.cs(144,6): error CS0246: The type or namespace name 'Fact' could not be found (are you missing a using directive or an assembly reference?) [C:\Data\Libs\Mediator\tests\Mediator.Tests\Mediator.Tests.csproj]
C:\Data\Libs\Mediator\tests\Mediator.Tests\UnitTests.cs(79,6): error CS0246: The type or namespace name 'FactAttribute' could not be found (are you missing a using directive or an assembly reference?) [C:\Data\Libs\Mediator\tests\Mediator.Tests\Mediator.Tests.csproj]
C:\Data\Libs\Mediator\tests\Mediator.Tests\UnitTests.cs(79,6): error CS0246: The type or namespace name 'Fact' could not be found (are you missing a using directive or an assembly reference?) [C:\Data\Libs\Mediator\tests\Mediator.Tests\Mediator.Tests.csproj]
C:\Data\Libs\Mediator\tests\Mediator.Tests\UnitTests.cs(89,6): error CS0246: The type or namespace name 'FactAttribute' could not be found (are you missing a using directive or an assembly reference?) [C:\Data\Libs\Mediator\tests\Mediator.Tests\Mediator.Tests.csproj]
C:\Data\Libs\Mediator\tests\Mediator.Tests\UnitTests.cs(89,6): error CS0246: The type or namespace name 'Fact' could not be found (are you missing a using directive or an assembly reference?) [C:\Data\Libs\Mediator\tests\Mediator.Tests\Mediator.Tests.csproj]
C:\Data\Libs\Mediator\tests\Mediator.Tests\DependencyInjectionTests.cs(166,6): error CS0246: The type or namespace name 'FactAttribute' could not be found (are you missing a using directive or an assembly reference?) [C:\Data\Libs\Mediator\tests\Mediator.Tests\Mediator.Tests.csproj]
C:\Data\Libs\Mediator\tests\Mediator.Tests\DependencyInjectionTests.cs(166,6): error CS0246: The type or namespace name 'Fact' could not be found (are you missing a using directive or an assembly reference?) [C:\Data\Libs\Mediator\tests\Mediator.Tests\Mediator.Tests.csproj]
C:\Data\Libs\Mediator\tests\Mediator.Tests\ValidationTests.cs(91,6): error CS0246: The type or namespace name 'FactAttribute' could not be found (are you missing a using directive or an assembly reference?) [C:\Data\Libs\Mediator\tests\Mediator.Tests\Mediator.Tests.csproj]
C:\Data\Libs\Mediator\tests\Mediator.Tests\ValidationTests.cs(91,6): error CS0246: The type or namespace name 'Fact' could not be found (are you missing a using directive or an assembly reference?) [C:\Data\Libs\Mediator\tests\Mediator.Tests\Mediator.Tests.csproj]
C:\Data\Libs\Mediator\tests\Mediator.Tests\UnitTests.cs(100,6): error CS0246: The type or namespace name 'FactAttribute' could not be found (are you missing a using directive or an assembly reference?) [C:\Data\Libs\Mediator\tests\Mediator.Tests\Mediator.Tests.csproj]
C:\Data\Libs\Mediator\tests\Mediator.Tests\UnitTests.cs(100,6): error CS0246: The type or namespace name 'Fact' could not be found (are you missing a using directive or an assembly reference?) [C:\Data\Libs\Mediator\tests\Mediator.Tests\Mediator.Tests.csproj]
C:\Data\Libs\Mediator\tests\Mediator.Tests\DependencyInjectionTests.cs(188,6): error CS0246: The type or namespace name 'FactAttribute' could not be found (are you missing a using directive or an assembly reference?) [C:\Data\Libs\Mediator\tests\Mediator.Tests\Mediator.Tests.csproj]
C:\Data\Libs\Mediator\tests\Mediator.Tests\DependencyInjectionTests.cs(188,6): error CS0246: The type or namespace name 'Fact' could not be found (are you missing a using directive or an assembly reference?) [C:\Data\Libs\Mediator\tests\Mediator.Tests\Mediator.Tests.csproj]
C:\Data\Libs\Mediator\tests\Mediator.Tests\ValidationTests.cs(113,6): error CS0246: The type or namespace name 'FactAttribute' could not be found (are you missing a using directive or an assembly reference?) [C:\Data\Libs\Mediator\tests\Mediator.Tests\Mediator.Tests.csproj]
C:\Data\Libs\Mediator\tests\Mediator.Tests\ValidationTests.cs(113,6): error CS0246: The type or namespace name 'Fact' could not be found (are you missing a using directive or an assembly reference?) [C:\Data\Libs\Mediator\tests\Mediator.Tests\Mediator.Tests.csproj]
C:\Data\Libs\Mediator\tests\Mediator.Tests\UnitTests.cs(110,6): error CS0246: The type or namespace name 'FactAttribute' could not be found (are you missing a using directive or an assembly reference?) [C:\Data\Libs\Mediator\tests\Mediator.Tests\Mediator.Tests.csproj]
C:\Data\Libs\Mediator\tests\Mediator.Tests\UnitTests.cs(110,6): error CS0246: The type or namespace name 'Fact' could not be found (are you missing a using directive or an assembly reference?) [C:\Data\Libs\Mediator\tests\Mediator.Tests\Mediator.Tests.csproj]
C:\Data\Libs\Mediator\tests\Mediator.Tests\ValidationTests.cs(136,6): error CS0246: The type or namespace name 'FactAttribute' could not be found (are you missing a using directive or an assembly reference?) [C:\Data\Libs\Mediator\tests\Mediator.Tests\Mediator.Tests.csproj]
C:\Data\Libs\Mediator\tests\Mediator.Tests\ValidationTests.cs(136,6): error CS0246: The type or namespace name 'Fact' could not be found (are you missing a using directive or an assembly reference?) [C:\Data\Libs\Mediator\tests\Mediator.Tests\Mediator.Tests.csproj]
C:\Data\Libs\Mediator\tests\Mediator.Tests\UnitTests.cs(124,6): error CS0246: The type or namespace name 'FactAttribute' could not be found (are you missing a using directive or an assembly reference?) [C:\Data\Libs\Mediator\tests\Mediator.Tests\Mediator.Tests.csproj]
C:\Data\Libs\Mediator\tests\Mediator.Tests\UnitTests.cs(124,6): error CS0246: The type or namespace name 'Fact' could not be found (are you missing a using directive or an assembly reference?) [C:\Data\Libs\Mediator\tests\Mediator.Tests\Mediator.Tests.csproj]
C:\Data\Libs\Mediator\tests\Mediator.Tests\ValidationTests.cs(158,6): error CS0246: The type or namespace name 'FactAttribute' could not be found (are you missing a using directive or an assembly reference?) [C:\Data\Libs\Mediator\tests\Mediator.Tests\Mediator.Tests.csproj]
C:\Data\Libs\Mediator\tests\Mediator.Tests\ValidationTests.cs(158,6): error CS0246: The type or namespace name 'Fact' could not be found (are you missing a using directive or an assembly reference?) [C:\Data\Libs\Mediator\tests\Mediator.Tests\Mediator.Tests.csproj]
C:\Data\Libs\Mediator\tests\Mediator.Tests\ValidationTests.cs(169,6): error CS0246: The type or namespace name 'FactAttribute' could not be found (are you missing a using directive or an assembly reference?) [C:\Data\Libs\Mediator\tests\Mediator.Tests\Mediator.Tests.csproj]
C:\Data\Libs\Mediator\tests\Mediator.Tests\ValidationTests.cs(169,6): error CS0246: The type or namespace name 'Fact' could not be found (are you missing a using directive or an assembly reference?) [C:\Data\Libs\Mediator\tests\Mediator.Tests\Mediator.Tests.csproj]
C:\Data\Libs\Mediator\tests\Mediator.Tests\ValidationTests.cs(180,6): error CS0246: The type or namespace name 'FactAttribute' could not be found (are you missing a using directive or an assembly reference?) [C:\Data\Libs\Mediator\tests\Mediator.Tests\Mediator.Tests.csproj]
C:\Data\Libs\Mediator\tests\Mediator.Tests\ValidationTests.cs(180,6): error CS0246: The type or namespace name 'Fact' could not be found (are you missing a using directive or an assembly reference?) [C:\Data\Libs\Mediator\tests\Mediator.Tests\Mediator.Tests.csproj]

Build FAILED.

C:\Data\Libs\Mediator\tests\Mediator.Tests\DependencyInjectionTests.cs(12,6): error CS0246: The type or namespace name 'FactAttribute' could not be found (are you missing a using directive or an assembly reference?) [C:\Data\Libs\Mediator\tests\Mediator.Tests\Mediator.Tests.csproj]
C:\Data\Libs\Mediator\tests\Mediator.Tests\DependencyInjectionTests.cs(12,6): error CS0246: The type or namespace name 'Fact' could not be found (are you missing a using directive or an assembly reference?) [C:\Data\Libs\Mediator\tests\Mediator.Tests\Mediator.Tests.csproj]
C:\Data\Libs\Mediator\tests\Mediator.Tests\PublishTests.cs(37,6): error CS0246: The type or namespace name 'FactAttribute' could not be found (are you missing a using directive or an assembly reference?) [C:\Data\Libs\Mediator\tests\Mediator.Tests\Mediator.Tests.csproj]
C:\Data\Libs\Mediator\tests\Mediator.Tests\PublishTests.cs(37,6): error CS0246: The type or namespace name 'Fact' could not be found (are you missing a using directive or an assembly reference?) [C:\Data\Libs\Mediator\tests\Mediator.Tests\Mediator.Tests.csproj]
C:\Data\Libs\Mediator\tests\Mediator.Tests\DependencyInjectionTests.cs(27,6): error CS0246: The type or namespace name 'FactAttribute' could not be found (are you missing a using directive or an assembly reference?) [C:\Data\Libs\Mediator\tests\Mediator.Tests\Mediator.Tests.csproj]
C:\Data\Libs\Mediator\tests\Mediator.Tests\DependencyInjectionTests.cs(27,6): error CS0246: The type or namespace name 'Fact' could not be found (are you missing a using directive or an assembly reference?) [C:\Data\Libs\Mediator\tests\Mediator.Tests\Mediator.Tests.csproj]
C:\Data\Libs\Mediator\tests\Mediator.Tests\PipelineBehaviorTests.cs(37,6): error CS0246: The type or namespace name 'FactAttribute' could not be found (are you missing a using directive or an assembly reference?) [C:\Data\Libs\Mediator\tests\Mediator.Tests\Mediator.Tests.csproj]
C:\Data\Libs\Mediator\tests\Mediator.Tests\PipelineBehaviorTests.cs(37,6): error CS0246: The type or namespace name 'Fact' could not be found (are you missing a using directive or an assembly reference?) [C:\Data\Libs\Mediator\tests\Mediator.Tests\Mediator.Tests.csproj]
C:\Data\Libs\Mediator\tests\Mediator.Tests\DependencyInjectionTests.cs(42,6): error CS0246: The type or namespace name 'FactAttribute' could not be found (are you missing a using directive or an assembly reference?) [C:\Data\Libs\Mediator\tests\Mediator.Tests\Mediator.Tests.csproj]
C:\Data\Libs\Mediator\tests\Mediator.Tests\PublishTests.cs(53,6): error CS0246: The type or namespace name 'FactAttribute' could not be found (are you missing a using directive or an assembly reference?) [C:\Data\Libs\Mediator\tests\Mediator.Tests\Mediator.Tests.csproj]
C:\Data\Libs\Mediator\tests\Mediator.Tests\DependencyInjectionTests.cs(42,6): error CS0246: The type or namespace name 'Fact' could not be found (are you missing a using directive or an assembly reference?) [C:\Data\Libs\Mediator\tests\Mediator.Tests\Mediator.Tests.csproj]
C:\Data\Libs\Mediator\tests\Mediator.Tests\PublishTests.cs(53,6): error CS0246: The type or namespace name 'Fact' could not be found (are you missing a using directive or an assembly reference?) [C:\Data\Libs\Mediator\tests\Mediator.Tests\Mediator.Tests.csproj]
C:\Data\Libs\Mediator\tests\Mediator.Tests\SendTests.cs(35,6): error CS0246: The type or namespace name 'FactAttribute' could not be found (are you missing a using directive or an assembly reference?) [C:\Data\Libs\Mediator\tests\Mediator.Tests\Mediator.Tests.csproj]
C:\Data\Libs\Mediator\tests\Mediator.Tests\SendTests.cs(35,6): error CS0246: The type or namespace name 'Fact' could not be found (are you missing a using directive or an assembly reference?) [C:\Data\Libs\Mediator\tests\Mediator.Tests\Mediator.Tests.csproj]
C:\Data\Libs\Mediator\tests\Mediator.Tests\PipelineBehaviorTests.cs(57,6): error CS0246: The type or namespace name 'FactAttribute' could not be found (are you missing a using directive or an assembly reference?) [C:\Data\Libs\Mediator\tests\Mediator.Tests\Mediator.Tests.csproj]
C:\Data\Libs\Mediator\tests\Mediator.Tests\PipelineBehaviorTests.cs(57,6): error CS0246: The type or namespace name 'Fact' could not be found (are you missing a using directive or an assembly reference?) [C:\Data\Libs\Mediator\tests\Mediator.Tests\Mediator.Tests.csproj]
C:\Data\Libs\Mediator\tests\Mediator.Tests\ProcessorTests.cs(42,6): error CS0246: The type or namespace name 'FactAttribute' could not be found (are you missing a using directive or an assembly reference?) [C:\Data\Libs\Mediator\tests\Mediator.Tests\Mediator.Tests.csproj]
C:\Data\Libs\Mediator\tests\Mediator.Tests\ProcessorTests.cs(42,6): error CS0246: The type or namespace name 'Fact' could not be found (are you missing a using directive or an assembly reference?) [C:\Data\Libs\Mediator\tests\Mediator.Tests\Mediator.Tests.csproj]
C:\Data\Libs\Mediator\tests\Mediator.Tests\PublishTests.cs(71,6): error CS0246: The type or namespace name 'FactAttribute' could not be found (are you missing a using directive or an assembly reference?) [C:\Data\Libs\Mediator\tests\Mediator.Tests\Mediator.Tests.csproj]
C:\Data\Libs\Mediator\tests\Mediator.Tests\DependencyInjectionTests.cs(57,6): error CS0246: The type or namespace name 'FactAttribute' could not be found (are you missing a using directive or an assembly reference?) [C:\Data\Libs\Mediator\tests\Mediator.Tests\Mediator.Tests.csproj]
C:\Data\Libs\Mediator\tests\Mediator.Tests\PublishTests.cs(71,6): error CS0246: The type or namespace name 'Fact' could not be found (are you missing a using directive or an assembly reference?) [C:\Data\Libs\Mediator\tests\Mediator.Tests\Mediator.Tests.csproj]
C:\Data\Libs\Mediator\tests\Mediator.Tests\DependencyInjectionTests.cs(57,6): error CS0246: The type or namespace name 'Fact' could not be found (are you missing a using directive or an assembly reference?) [C:\Data\Libs\Mediator\tests\Mediator.Tests\Mediator.Tests.csproj]
C:\Data\Libs\Mediator\tests\Mediator.Tests\SendTests.cs(49,6): error CS0246: The type or namespace name 'FactAttribute' could not be found (are you missing a using directive or an assembly reference?) [C:\Data\Libs\Mediator\tests\Mediator.Tests\Mediator.Tests.csproj]
C:\Data\Libs\Mediator\tests\Mediator.Tests\SendTests.cs(49,6): error CS0246: The type or namespace name 'Fact' could not be found (are you missing a using directive or an assembly reference?) [C:\Data\Libs\Mediator\tests\Mediator.Tests\Mediator.Tests.csproj]
C:\Data\Libs\Mediator\tests\Mediator.Tests\PipelineBehaviorTests.cs(88,6): error CS0246: The type or namespace name 'FactAttribute' could not be found (are you missing a using directive or an assembly reference?) [C:\Data\Libs\Mediator\tests\Mediator.Tests\Mediator.Tests.csproj]
C:\Data\Libs\Mediator\tests\Mediator.Tests\PipelineBehaviorTests.cs(88,6): error CS0246: The type or namespace name 'Fact' could not be found (are you missing a using directive or an assembly reference?) [C:\Data\Libs\Mediator\tests\Mediator.Tests\Mediator.Tests.csproj]
C:\Data\Libs\Mediator\tests\Mediator.Tests\ProcessorTests.cs(66,6): error CS0246: The type or namespace name 'FactAttribute' could not be found (are you missing a using directive or an assembly reference?) [C:\Data\Libs\Mediator\tests\Mediator.Tests\Mediator.Tests.csproj]
C:\Data\Libs\Mediator\tests\Mediator.Tests\ProcessorTests.cs(66,6): error CS0246: The type or namespace name 'Fact' could not be found (are you missing a using directive or an assembly reference?) [C:\Data\Libs\Mediator\tests\Mediator.Tests\Mediator.Tests.csproj]
C:\Data\Libs\Mediator\tests\Mediator.Tests\PublishTests.cs(85,6): error CS0246: The type or namespace name 'FactAttribute' could not be found (are you missing a using directive or an assembly reference?) [C:\Data\Libs\Mediator\tests\Mediator.Tests\Mediator.Tests.csproj]
C:\Data\Libs\Mediator\tests\Mediator.Tests\PublishTests.cs(85,6): error CS0246: The type or namespace name 'Fact' could not be found (are you missing a using directive or an assembly reference?) [C:\Data\Libs\Mediator\tests\Mediator.Tests\Mediator.Tests.csproj]
C:\Data\Libs\Mediator\tests\Mediator.Tests\SendTests.cs(64,6): error CS0246: The type or namespace name 'FactAttribute' could not be found (are you missing a using directive or an assembly reference?) [C:\Data\Libs\Mediator\tests\Mediator.Tests\Mediator.Tests.csproj]
C:\Data\Libs\Mediator\tests\Mediator.Tests\SendTests.cs(64,6): error CS0246: The type or namespace name 'Fact' could not be found (are you missing a using directive or an assembly reference?) [C:\Data\Libs\Mediator\tests\Mediator.Tests\Mediator.Tests.csproj]
C:\Data\Libs\Mediator\tests\Mediator.Tests\PipelineBehaviorTests.cs(115,6): error CS0246: The type or namespace name 'FactAttribute' could not be found (are you missing a using directive or an assembly reference?) [C:\Data\Libs\Mediator\tests\Mediator.Tests\Mediator.Tests.csproj]
C:\Data\Libs\Mediator\tests\Mediator.Tests\PipelineBehaviorTests.cs(115,6): error CS0246: The type or namespace name 'Fact' could not be found (are you missing a using directive or an assembly reference?) [C:\Data\Libs\Mediator\tests\Mediator.Tests\Mediator.Tests.csproj]
C:\Data\Libs\Mediator\tests\Mediator.Tests\ProcessorTests.cs(91,6): error CS0246: The type or namespace name 'FactAttribute' could not be found (are you missing a using directive or an assembly reference?) [C:\Data\Libs\Mediator\tests\Mediator.Tests\Mediator.Tests.csproj]
C:\Data\Libs\Mediator\tests\Mediator.Tests\ProcessorTests.cs(91,6): error CS0246: The type or namespace name 'Fact' could not be found (are you missing a using directive or an assembly reference?) [C:\Data\Libs\Mediator\tests\Mediator.Tests\Mediator.Tests.csproj]
C:\Data\Libs\Mediator\tests\Mediator.Tests\PublishTests.cs(95,6): error CS0246: The type or namespace name 'FactAttribute' could not be found (are you missing a using directive or an assembly reference?) [C:\Data\Libs\Mediator\tests\Mediator.Tests\Mediator.Tests.csproj]
C:\Data\Libs\Mediator\tests\Mediator.Tests\PublishTests.cs(95,6): error CS0246: The type or namespace name 'Fact' could not be found (are you missing a using directive or an assembly reference?) [C:\Data\Libs\Mediator\tests\Mediator.Tests\Mediator.Tests.csproj]
C:\Data\Libs\Mediator\tests\Mediator.Tests\SendTests.cs(80,6): error CS0246: The type or namespace name 'FactAttribute' could not be found (are you missing a using directive or an assembly reference?) [C:\Data\Libs\Mediator\tests\Mediator.Tests\Mediator.Tests.csproj]
C:\Data\Libs\Mediator\tests\Mediator.Tests\SendTests.cs(80,6): error CS0246: The type or namespace name 'Fact' could not be found (are you missing a using directive or an assembly reference?) [C:\Data\Libs\Mediator\tests\Mediator.Tests\Mediator.Tests.csproj]
C:\Data\Libs\Mediator\tests\Mediator.Tests\ProcessorTests.cs(123,6): error CS0246: The type or namespace name 'FactAttribute' could not be found (are you missing a using directive or an assembly reference?) [C:\Data\Libs\Mediator\tests\Mediator.Tests\Mediator.Tests.csproj]
C:\Data\Libs\Mediator\tests\Mediator.Tests\ProcessorTests.cs(123,6): error CS0246: The type or namespace name 'Fact' could not be found (are you missing a using directive or an assembly reference?) [C:\Data\Libs\Mediator\tests\Mediator.Tests\Mediator.Tests.csproj]
C:\Data\Libs\Mediator\tests\Mediator.Tests\PipelineBehaviorTests.cs(128,6): error CS0246: The type or namespace name 'FactAttribute' could not be found (are you missing a using directive or an assembly reference?) [C:\Data\Libs\Mediator\tests\Mediator.Tests\Mediator.Tests.csproj]
C:\Data\Libs\Mediator\tests\Mediator.Tests\PipelineBehaviorTests.cs(128,6): error CS0246: The type or namespace name 'Fact' could not be found (are you missing a using directive or an assembly reference?) [C:\Data\Libs\Mediator\tests\Mediator.Tests\Mediator.Tests.csproj]
C:\Data\Libs\Mediator\tests\Mediator.Tests\PublishTests.cs(114,6): error CS0246: The type or namespace name 'FactAttribute' could not be found (are you missing a using directive or an assembly reference?) [C:\Data\Libs\Mediator\tests\Mediator.Tests\Mediator.Tests.csproj]
C:\Data\Libs\Mediator\tests\Mediator.Tests\PublishTests.cs(114,6): error CS0246: The type or namespace name 'Fact' could not be found (are you missing a using directive or an assembly reference?) [C:\Data\Libs\Mediator\tests\Mediator.Tests\Mediator.Tests.csproj]
C:\Data\Libs\Mediator\tests\Mediator.Tests\SendTests.cs(90,6): error CS0246: The type or namespace name 'FactAttribute' could not be found (are you missing a using directive or an assembly reference?) [C:\Data\Libs\Mediator\tests\Mediator.Tests\Mediator.Tests.csproj]
C:\Data\Libs\Mediator\tests\Mediator.Tests\SendTests.cs(90,6): error CS0246: The type or namespace name 'Fact' could not be found (are you missing a using directive or an assembly reference?) [C:\Data\Libs\Mediator\tests\Mediator.Tests\Mediator.Tests.csproj]
C:\Data\Libs\Mediator\tests\Mediator.Tests\ProcessorTests.cs(151,6): error CS0246: The type or namespace name 'FactAttribute' could not be found (are you missing a using directive or an assembly reference?) [C:\Data\Libs\Mediator\tests\Mediator.Tests\Mediator.Tests.csproj]
C:\Data\Libs\Mediator\tests\Mediator.Tests\ProcessorTests.cs(151,6): error CS0246: The type or namespace name 'Fact' could not be found (are you missing a using directive or an assembly reference?) [C:\Data\Libs\Mediator\tests\Mediator.Tests\Mediator.Tests.csproj]
C:\Data\Libs\Mediator\tests\Mediator.Tests\PublishTests.cs(128,6): error CS0246: The type or namespace name 'FactAttribute' could not be found (are you missing a using directive or an assembly reference?) [C:\Data\Libs\Mediator\tests\Mediator.Tests\Mediator.Tests.csproj]
C:\Data\Libs\Mediator\tests\Mediator.Tests\PublishTests.cs(128,6): error CS0246: The type or namespace name 'Fact' could not be found (are you missing a using directive or an assembly reference?) [C:\Data\Libs\Mediator\tests\Mediator.Tests\Mediator.Tests.csproj]
C:\Data\Libs\Mediator\tests\Mediator.Tests\SendTests.cs(104,6): error CS0246: The type or namespace name 'FactAttribute' could not be found (are you missing a using directive or an assembly reference?) [C:\Data\Libs\Mediator\tests\Mediator.Tests\Mediator.Tests.csproj]
C:\Data\Libs\Mediator\tests\Mediator.Tests\SendTests.cs(104,6): error CS0246: The type or namespace name 'Fact' could not be found (are you missing a using directive or an assembly reference?) [C:\Data\Libs\Mediator\tests\Mediator.Tests\Mediator.Tests.csproj]
C:\Data\Libs\Mediator\tests\Mediator.Tests\UnitTests.cs(10,6): error CS0246: The type or namespace name 'FactAttribute' could not be found (are you missing a using directive or an assembly reference?) [C:\Data\Libs\Mediator\tests\Mediator.Tests\Mediator.Tests.csproj]
C:\Data\Libs\Mediator\tests\Mediator.Tests\UnitTests.cs(10,6): error CS0246: The type or namespace name 'Fact' could not be found (are you missing a using directive or an assembly reference?) [C:\Data\Libs\Mediator\tests\Mediator.Tests\Mediator.Tests.csproj]
C:\Data\Libs\Mediator\tests\Mediator.Tests\PublishTests.cs(148,6): error CS0246: The type or namespace name 'FactAttribute' could not be found (are you missing a using directive or an assembly reference?) [C:\Data\Libs\Mediator\tests\Mediator.Tests\Mediator.Tests.csproj]
C:\Data\Libs\Mediator\tests\Mediator.Tests\PublishTests.cs(148,6): error CS0246: The type or namespace name 'Fact' could not be found (are you missing a using directive or an assembly reference?) [C:\Data\Libs\Mediator\tests\Mediator.Tests\Mediator.Tests.csproj]
C:\Data\Libs\Mediator\tests\Mediator.Tests\SendTests.cs(118,6): error CS0246: The type or namespace name 'FactAttribute' could not be found (are you missing a using directive or an assembly reference?) [C:\Data\Libs\Mediator\tests\Mediator.Tests\Mediator.Tests.csproj]
C:\Data\Libs\Mediator\tests\Mediator.Tests\SendTests.cs(118,6): error CS0246: The type or namespace name 'Fact' could not be found (are you missing a using directive or an assembly reference?) [C:\Data\Libs\Mediator\tests\Mediator.Tests\Mediator.Tests.csproj]
C:\Data\Libs\Mediator\tests\Mediator.Tests\UnitTests.cs(21,6): error CS0246: The type or namespace name 'FactAttribute' could not be found (are you missing a using directive or an assembly reference?) [C:\Data\Libs\Mediator\tests\Mediator.Tests\Mediator.Tests.csproj]
C:\Data\Libs\Mediator\tests\Mediator.Tests\UnitTests.cs(21,6): error CS0246: The type or namespace name 'Fact' could not be found (are you missing a using directive or an assembly reference?) [C:\Data\Libs\Mediator\tests\Mediator.Tests\Mediator.Tests.csproj]
C:\Data\Libs\Mediator\tests\Mediator.Tests\DependencyInjectionTests.cs(73,6): error CS0246: The type or namespace name 'FactAttribute' could not be found (are you missing a using directive or an assembly reference?) [C:\Data\Libs\Mediator\tests\Mediator.Tests\Mediator.Tests.csproj]
C:\Data\Libs\Mediator\tests\Mediator.Tests\DependencyInjectionTests.cs(73,6): error CS0246: The type or namespace name 'Fact' could not be found (are you missing a using directive or an assembly reference?) [C:\Data\Libs\Mediator\tests\Mediator.Tests\Mediator.Tests.csproj]
C:\Data\Libs\Mediator\tests\Mediator.Tests\UnitTests.cs(33,6): error CS0246: The type or namespace name 'FactAttribute' could not be found (are you missing a using directive or an assembly reference?) [C:\Data\Libs\Mediator\tests\Mediator.Tests\Mediator.Tests.csproj]
C:\Data\Libs\Mediator\tests\Mediator.Tests\UnitTests.cs(33,6): error CS0246: The type or namespace name 'Fact' could not be found (are you missing a using directive or an assembly reference?) [C:\Data\Libs\Mediator\tests\Mediator.Tests\Mediator.Tests.csproj]
C:\Data\Libs\Mediator\tests\Mediator.Tests\SendTests.cs(133,6): error CS0246: The type or namespace name 'FactAttribute' could not be found (are you missing a using directive or an assembly reference?) [C:\Data\Libs\Mediator\tests\Mediator.Tests\Mediator.Tests.csproj]
C:\Data\Libs\Mediator\tests\Mediator.Tests\SendTests.cs(133,6): error CS0246: The type or namespace name 'Fact' could not be found (are you missing a using directive or an assembly reference?) [C:\Data\Libs\Mediator\tests\Mediator.Tests\Mediator.Tests.csproj]
C:\Data\Libs\Mediator\tests\Mediator.Tests\DependencyInjectionTests.cs(88,6): error CS0246: The type or namespace name 'FactAttribute' could not be found (are you missing a using directive or an assembly reference?) [C:\Data\Libs\Mediator\tests\Mediator.Tests\Mediator.Tests.csproj]
C:\Data\Libs\Mediator\tests\Mediator.Tests\DependencyInjectionTests.cs(88,6): error CS0246: The type or namespace name 'Fact' could not be found (are you missing a using directive or an assembly reference?) [C:\Data\Libs\Mediator\tests\Mediator.Tests\Mediator.Tests.csproj]
C:\Data\Libs\Mediator\tests\Mediator.Tests\UnitTests.cs(43,6): error CS0246: The type or namespace name 'FactAttribute' could not be found (are you missing a using directive or an assembly reference?) [C:\Data\Libs\Mediator\tests\Mediator.Tests\Mediator.Tests.csproj]
C:\Data\Libs\Mediator\tests\Mediator.Tests\UnitTests.cs(43,6): error CS0246: The type or namespace name 'Fact' could not be found (are you missing a using directive or an assembly reference?) [C:\Data\Libs\Mediator\tests\Mediator.Tests\Mediator.Tests.csproj]
C:\Data\Libs\Mediator\tests\Mediator.Tests\ValidationTests.cs(22,6): error CS0246: The type or namespace name 'FactAttribute' could not be found (are you missing a using directive or an assembly reference?) [C:\Data\Libs\Mediator\tests\Mediator.Tests\Mediator.Tests.csproj]
C:\Data\Libs\Mediator\tests\Mediator.Tests\ValidationTests.cs(22,6): error CS0246: The type or namespace name 'Fact' could not be found (are you missing a using directive or an assembly reference?) [C:\Data\Libs\Mediator\tests\Mediator.Tests\Mediator.Tests.csproj]
C:\Data\Libs\Mediator\tests\Mediator.Tests\SendTests.cs(156,6): error CS0246: The type or namespace name 'FactAttribute' could not be found (are you missing a using directive or an assembly reference?) [C:\Data\Libs\Mediator\tests\Mediator.Tests\Mediator.Tests.csproj]
C:\Data\Libs\Mediator\tests\Mediator.Tests\SendTests.cs(156,6): error CS0246: The type or namespace name 'Fact' could not be found (are you missing a using directive or an assembly reference?) [C:\Data\Libs\Mediator\tests\Mediator.Tests\Mediator.Tests.csproj]
C:\Data\Libs\Mediator\tests\Mediator.Tests\DependencyInjectionTests.cs(107,6): error CS0246: The type or namespace name 'FactAttribute' could not be found (are you missing a using directive or an assembly reference?) [C:\Data\Libs\Mediator\tests\Mediator.Tests\Mediator.Tests.csproj]
C:\Data\Libs\Mediator\tests\Mediator.Tests\DependencyInjectionTests.cs(107,6): error CS0246: The type or namespace name 'Fact' could not be found (are you missing a using directive or an assembly reference?) [C:\Data\Libs\Mediator\tests\Mediator.Tests\Mediator.Tests.csproj]
C:\Data\Libs\Mediator\tests\Mediator.Tests\UnitTests.cs(56,6): error CS0246: The type or namespace name 'FactAttribute' could not be found (are you missing a using directive or an assembly reference?) [C:\Data\Libs\Mediator\tests\Mediator.Tests\Mediator.Tests.csproj]
C:\Data\Libs\Mediator\tests\Mediator.Tests\UnitTests.cs(56,6): error CS0246: The type or namespace name 'Fact' could not be found (are you missing a using directive or an assembly reference?) [C:\Data\Libs\Mediator\tests\Mediator.Tests\Mediator.Tests.csproj]
C:\Data\Libs\Mediator\tests\Mediator.Tests\ValidationTests.cs(44,6): error CS0246: The type or namespace name 'FactAttribute' could not be found (are you missing a using directive or an assembly reference?) [C:\Data\Libs\Mediator\tests\Mediator.Tests\Mediator.Tests.csproj]
C:\Data\Libs\Mediator\tests\Mediator.Tests\ValidationTests.cs(44,6): error CS0246: The type or namespace name 'Fact' could not be found (are you missing a using directive or an assembly reference?) [C:\Data\Libs\Mediator\tests\Mediator.Tests\Mediator.Tests.csproj]
C:\Data\Libs\Mediator\tests\Mediator.Tests\DependencyInjectionTests.cs(126,6): error CS0246: The type or namespace name 'FactAttribute' could not be found (are you missing a using directive or an assembly reference?) [C:\Data\Libs\Mediator\tests\Mediator.Tests\Mediator.Tests.csproj]
C:\Data\Libs\Mediator\tests\Mediator.Tests\DependencyInjectionTests.cs(126,6): error CS0246: The type or namespace name 'Fact' could not be found (are you missing a using directive or an assembly reference?) [C:\Data\Libs\Mediator\tests\Mediator.Tests\Mediator.Tests.csproj]
C:\Data\Libs\Mediator\tests\Mediator.Tests\UnitTests.cs(67,6): error CS0246: The type or namespace name 'FactAttribute' could not be found (are you missing a using directive or an assembly reference?) [C:\Data\Libs\Mediator\tests\Mediator.Tests\Mediator.Tests.csproj]
C:\Data\Libs\Mediator\tests\Mediator.Tests\UnitTests.cs(67,6): error CS0246: The type or namespace name 'Fact' could not be found (are you missing a using directive or an assembly reference?) [C:\Data\Libs\Mediator\tests\Mediator.Tests\Mediator.Tests.csproj]
C:\Data\Libs\Mediator\tests\Mediator.Tests\ValidationTests.cs(68,6): error CS0246: The type or namespace name 'FactAttribute' could not be found (are you missing a using directive or an assembly reference?) [C:\Data\Libs\Mediator\tests\Mediator.Tests\Mediator.Tests.csproj]
C:\Data\Libs\Mediator\tests\Mediator.Tests\ValidationTests.cs(68,6): error CS0246: The type or namespace name 'Fact' could not be found (are you missing a using directive or an assembly reference?) [C:\Data\Libs\Mediator\tests\Mediator.Tests\Mediator.Tests.csproj]
C:\Data\Libs\Mediator\tests\Mediator.Tests\DependencyInjectionTests.cs(144,6): error CS0246: The type or namespace name 'FactAttribute' could not be found (are you missing a using directive or an assembly reference?) [C:\Data\Libs\Mediator\tests\Mediator.Tests\Mediator.Tests.csproj]
C:\Data\Libs\Mediator\tests\Mediator.Tests\DependencyInjectionTests.cs(144,6): error CS0246: The type or namespace name 'Fact' could not be found (are you missing a using directive or an assembly reference?) [C:\Data\Libs\Mediator\tests\Mediator.Tests\Mediator.Tests.csproj]
C:\Data\Libs\Mediator\tests\Mediator.Tests\UnitTests.cs(79,6): error CS0246: The type or namespace name 'FactAttribute' could not be found (are you missing a using directive or an assembly reference?) [C:\Data\Libs\Mediator\tests\Mediator.Tests\Mediator.Tests.csproj]
C:\Data\Libs\Mediator\tests\Mediator.Tests\UnitTests.cs(79,6): error CS0246: The type or namespace name 'Fact' could not be found (are you missing a using directive or an assembly reference?) [C:\Data\Libs\Mediator\tests\Mediator.Tests\Mediator.Tests.csproj]
C:\Data\Libs\Mediator\tests\Mediator.Tests\UnitTests.cs(89,6): error CS0246: The type or namespace name 'FactAttribute' could not be found (are you missing a using directive or an assembly reference?) [C:\Data\Libs\Mediator\tests\Mediator.Tests\Mediator.Tests.csproj]
C:\Data\Libs\Mediator\tests\Mediator.Tests\UnitTests.cs(89,6): error CS0246: The type or namespace name 'Fact' could not be found (are you missing a using directive or an assembly reference?) [C:\Data\Libs\Mediator\tests\Mediator.Tests\Mediator.Tests.csproj]
C:\Data\Libs\Mediator\tests\Mediator.Tests\DependencyInjectionTests.cs(166,6): error CS0246: The type or namespace name 'FactAttribute' could not be found (are you missing a using directive or an assembly reference?) [C:\Data\Libs\Mediator\tests\Mediator.Tests\Mediator.Tests.csproj]
C:\Data\Libs\Mediator\tests\Mediator.Tests\DependencyInjectionTests.cs(166,6): error CS0246: The type or namespace name 'Fact' could not be found (are you missing a using directive or an assembly reference?) [C:\Data\Libs\Mediator\tests\Mediator.Tests\Mediator.Tests.csproj]
C:\Data\Libs\Mediator\tests\Mediator.Tests\ValidationTests.cs(91,6): error CS0246: The type or namespace name 'FactAttribute' could not be found (are you missing a using directive or an assembly reference?) [C:\Data\Libs\Mediator\tests\Mediator.Tests\Mediator.Tests.csproj]
C:\Data\Libs\Mediator\tests\Mediator.Tests\ValidationTests.cs(91,6): error CS0246: The type or namespace name 'Fact' could not be found (are you missing a using directive or an assembly reference?) [C:\Data\Libs\Mediator\tests\Mediator.Tests\Mediator.Tests.csproj]
C:\Data\Libs\Mediator\tests\Mediator.Tests\UnitTests.cs(100,6): error CS0246: The type or namespace name 'FactAttribute' could not be found (are you missing a using directive or an assembly reference?) [C:\Data\Libs\Mediator\tests\Mediator.Tests\Mediator.Tests.csproj]
C:\Data\Libs\Mediator\tests\Mediator.Tests\UnitTests.cs(100,6): error CS0246: The type or namespace name 'Fact' could not be found (are you missing a using directive or an assembly reference?) [C:\Data\Libs\Mediator\tests\Mediator.Tests\Mediator.Tests.csproj]
C:\Data\Libs\Mediator\tests\Mediator.Tests\DependencyInjectionTests.cs(188,6): error CS0246: The type or namespace name 'FactAttribute' could not be found (are you missing a using directive or an assembly reference?) [C:\Data\Libs\Mediator\tests\Mediator.Tests\Mediator.Tests.csproj]
C:\Data\Libs\Mediator\tests\Mediator.Tests\DependencyInjectionTests.cs(188,6): error CS0246: The type or namespace name 'Fact' could not be found (are you missing a using directive or an assembly reference?) [C:\Data\Libs\Mediator\tests\Mediator.Tests\Mediator.Tests.csproj]
C:\Data\Libs\Mediator\tests\Mediator.Tests\ValidationTests.cs(113,6): error CS0246: The type or namespace name 'FactAttribute' could not be found (are you missing a using directive or an assembly reference?) [C:\Data\Libs\Mediator\tests\Mediator.Tests\Mediator.Tests.csproj]
C:\Data\Libs\Mediator\tests\Mediator.Tests\ValidationTests.cs(113,6): error CS0246: The type or namespace name 'Fact' could not be found (are you missing a using directive or an assembly reference?) [C:\Data\Libs\Mediator\tests\Mediator.Tests\Mediator.Tests.csproj]
C:\Data\Libs\Mediator\tests\Mediator.Tests\UnitTests.cs(110,6): error CS0246: The type or namespace name 'FactAttribute' could not be found (are you missing a using directive or an assembly reference?) [C:\Data\Libs\Mediator\tests\Mediator.Tests\Mediator.Tests.csproj]
C:\Data\Libs\Mediator\tests\Mediator.Tests\UnitTests.cs(110,6): error CS0246: The type or namespace name 'Fact' could not be found (are you missing a using directive or an assembly reference?) [C:\Data\Libs\Mediator\tests\Mediator.Tests\Mediator.Tests.csproj]
C:\Data\Libs\Mediator\tests\Mediator.Tests\ValidationTests.cs(136,6): error CS0246: The type or namespace name 'FactAttribute' could not be found (are you missing a using directive or an assembly reference?) [C:\Data\Libs\Mediator\tests\Mediator.Tests\Mediator.Tests.csproj]
C:\Data\Libs\Mediator\tests\Mediator.Tests\ValidationTests.cs(136,6): error CS0246: The type or namespace name 'Fact' could not be found (are you missing a using directive or an assembly reference?) [C:\Data\Libs\Mediator\tests\Mediator.Tests\Mediator.Tests.csproj]
C:\Data\Libs\Mediator\tests\Mediator.Tests\UnitTests.cs(124,6): error CS0246: The type or namespace name 'FactAttribute' could not be found (are you missing a using directive or an assembly reference?) [C:\Data\Libs\Mediator\tests\Mediator.Tests\Mediator.Tests.csproj]
C:\Data\Libs\Mediator\tests\Mediator.Tests\UnitTests.cs(124,6): error CS0246: The type or namespace name 'Fact' could not be found (are you missing a using directive or an assembly reference?) [C:\Data\Libs\Mediator\tests\Mediator.Tests\Mediator.Tests.csproj]
C:\Data\Libs\Mediator\tests\Mediator.Tests\ValidationTests.cs(158,6): error CS0246: The type or namespace name 'FactAttribute' could not be found (are you missing a using directive or an assembly reference?) [C:\Data\Libs\Mediator\tests\Mediator.Tests\Mediator.Tests.csproj]
C:\Data\Libs\Mediator\tests\Mediator.Tests\ValidationTests.cs(158,6): error CS0246: The type or namespace name 'Fact' could not be found (are you missing a using directive or an assembly reference?) [C:\Data\Libs\Mediator\tests\Mediator.Tests\Mediator.Tests.csproj]
C:\Data\Libs\Mediator\tests\Mediator.Tests\ValidationTests.cs(169,6): error CS0246: The type or namespace name 'FactAttribute' could not be found (are you missing a using directive or an assembly reference?) [C:\Data\Libs\Mediator\tests\Mediator.Tests\Mediator.Tests.csproj]
C:\Data\Libs\Mediator\tests\Mediator.Tests\ValidationTests.cs(169,6): error CS0246: The type or namespace name 'Fact' could not be found (are you missing a using directive or an assembly reference?) [C:\Data\Libs\Mediator\tests\Mediator.Tests\Mediator.Tests.csproj]
C:\Data\Libs\Mediator\tests\Mediator.Tests\ValidationTests.cs(180,6): error CS0246: The type or namespace name 'FactAttribute' could not be found (are you missing a using directive or an assembly reference?) [C:\Data\Libs\Mediator\tests\Mediator.Tests\Mediator.Tests.csproj]
C:\Data\Libs\Mediator\tests\Mediator.Tests\ValidationTests.cs(180,6): error CS0246: The type or namespace name 'Fact' could not be found (are you missing a using directive or an assembly reference?) [C:\Data\Libs\Mediator\tests\Mediator.Tests\Mediator.Tests.csproj]
    0 Warning(s)
    116 Error(s)

Time Elapsed 00:00:01.50
